// Jest Snapshot v1, https://goo.gl/fbAQLP

exports[`ItemImage component matches the snapshot 1`] = `
<div
  aria-label=""
  className="imgDiv-0-2-1"
  role="img"
  src="https://dummyimage.com/qvga"
>
  <img
    alt="spacex-launch-program-image"
    data-testid="item-image"
    src="https://dummyimage.com/qvga"
  />
</div>
`;
